// Jest Snapshot v1, https://goo.gl/fbAQLP

exports[`NewsList renders without crashing 1`] = `
<e>
  <NewsList
    doFetchNews={[Function]}
    doPreviewArticle={[Function]}
    loading={false}
    meta={
      Object {
        "hits": 36208,
        "offset": 0,
        "time": 23,
      }
    }
    news={
      Array [
        Object {
          "_id": "5ba46d04068401528a2dc251",
          "headline": Object {
            "main": "Singapore, for Those Who Aren’t Crazy Rich",
            "print_headline": "Singapore, if You’re Not Crazy Rich",
          },
          "multimedia": Array [
            Object {
              "subtype": "tumbnail",
              "url": "images/2018/09/23/travel/23singapore1/merlin_142944708_9276e9dd-b36e-40f3-90f6-34e79e64552e-articleLarge.jpg",
            },
          ],
          "pub_date": "2018-09-21T04:01:06+0000",
          "snippet": "In the hit movie “Crazy Rich Asians,” the country looks luxe. But it’s easy to have a great time (and eat memorably well) without spending much.",
          "source": "The New York Times",
          "web_url": "https://www.nytimes.com/2018/09/21/travel/singapore-travel-budget.html",
        },
      ]
    }
    query="singapore"
  >
    <ForwardRef
      dataSource={
        Array [
          Object {
            "_id": "5ba46d04068401528a2dc251",
            "headline": Object {
              "main": "Singapore, for Those Who Aren’t Crazy Rich",
              "print_headline": "Singapore, if You’re Not Crazy Rich",
            },
            "multimedia": Array [
              Object {
                "subtype": "tumbnail",
                "url": "images/2018/09/23/travel/23singapore1/merlin_142944708_9276e9dd-b36e-40f3-90f6-34e79e64552e-articleLarge.jpg",
              },
            ],
            "pub_date": "2018-09-21T04:01:06+0000",
            "snippet": "In the hit movie “Crazy Rich Asians,” the country looks luxe. But it’s easy to have a great time (and eat memorably well) without spending much.",
            "source": "The New York Times",
            "web_url": "https://www.nytimes.com/2018/09/21/travel/singapore-travel-budget.html",
          },
        ]
      }
      itemLayout="vertical"
      loading={false}
      pagination={
        Object {
          "defaultCurrent": 1,
          "onChange": [Function],
          "pageSize": 10,
          "position": "both",
          "showTotal": [Function],
          "simple": false,
          "total": 36208,
        }
      }
      renderItem={[Function]}
      size="large"
    >
      <StyledComponent
        dataSource={
          Array [
            Object {
              "_id": "5ba46d04068401528a2dc251",
              "headline": Object {
                "main": "Singapore, for Those Who Aren’t Crazy Rich",
                "print_headline": "Singapore, if You’re Not Crazy Rich",
              },
              "multimedia": Array [
                Object {
                  "subtype": "tumbnail",
                  "url": "images/2018/09/23/travel/23singapore1/merlin_142944708_9276e9dd-b36e-40f3-90f6-34e79e64552e-articleLarge.jpg",
                },
              ],
              "pub_date": "2018-09-21T04:01:06+0000",
              "snippet": "In the hit movie “Crazy Rich Asians,” the country looks luxe. But it’s easy to have a great time (and eat memorably well) without spending much.",
              "source": "The New York Times",
              "web_url": "https://www.nytimes.com/2018/09/21/travel/singapore-travel-budget.html",
            },
          ]
        }
        forwardedClass={
          Object {
            "$$typeof": Symbol(react.forward_ref),
            "Item": [Function],
            "attrs": undefined,
            "componentStyle": ComponentStyle {
              "componentId": "styled__List-sc-1bpanrr-0",
              "isStatic": true,
              "lastClassName": "dvbaEl",
              "rules": Array [
                "display:block;",
              ],
            },
            "displayName": "styled__List",
            "render": [Function],
            "styledComponentId": "styled__List-sc-1bpanrr-0",
            "target": [Function],
            "warnTooManyClasses": [Function],
            "withComponent": [Function],
            Symbol(Symbol.hasInstance): [Function],
          }
        }
        forwardedRef={null}
        itemLayout="vertical"
        loading={false}
        pagination={
          Object {
            "defaultCurrent": 1,
            "onChange": [Function],
            "pageSize": 10,
            "position": "both",
            "showTotal": [Function],
            "simple": false,
            "total": 36208,
          }
        }
        renderItem={[Function]}
        size="large"
      >
        <List
          bordered={false}
          className="styled__List-sc-1bpanrr-0 dvbaEl"
          dataSource={
            Array [
              Object {
                "_id": "5ba46d04068401528a2dc251",
                "headline": Object {
                  "main": "Singapore, for Those Who Aren’t Crazy Rich",
                  "print_headline": "Singapore, if You’re Not Crazy Rich",
                },
                "multimedia": Array [
                  Object {
                    "subtype": "tumbnail",
                    "url": "images/2018/09/23/travel/23singapore1/merlin_142944708_9276e9dd-b36e-40f3-90f6-34e79e64552e-articleLarge.jpg",
                  },
                ],
                "pub_date": "2018-09-21T04:01:06+0000",
                "snippet": "In the hit movie “Crazy Rich Asians,” the country looks luxe. But it’s easy to have a great time (and eat memorably well) without spending much.",
                "source": "The New York Times",
                "web_url": "https://www.nytimes.com/2018/09/21/travel/singapore-travel-budget.html",
              },
            ]
          }
          itemLayout="vertical"
          loading={false}
          pagination={
            Object {
              "defaultCurrent": 1,
              "onChange": [Function],
              "pageSize": 10,
              "position": "both",
              "showTotal": [Function],
              "simple": false,
              "total": 36208,
            }
          }
          prefixCls="ant-list"
          renderItem={[Function]}
          size="large"
          split={true}
        >
          <div
            className="ant-list styled__List-sc-1bpanrr-0 dvbaEl ant-list-vertical ant-list-lg ant-list-split ant-list-something-after-last-item"
          >
            <div
              className="ant-list-pagination"
            >
              <Pagination
                current={1}
                defaultCurrent={1}
                onChange={[Function]}
                pageSize={10}
                position="both"
                prefixCls="ant-pagination"
                selectPrefixCls="ant-select"
                showTotal={[Function]}
                simple={false}
                total={36208}
              >
                <LocaleReceiver
                  componentName="Pagination"
                  defaultLocale={
                    Object {
                      "items_per_page": "/ page",
                      "jump_to": "Goto",
                      "jump_to_confirm": "confirm",
                      "next_3": "Next 3 Pages",
                      "next_5": "Next 5 Pages",
                      "next_page": "Next Page",
                      "page": "",
                      "prev_3": "Previous 3 Pages",
                      "prev_5": "Previous 5 Pages",
                      "prev_page": "Previous Page",
                    }
                  }
                >
                  <Pagination
                    className=""
                    current={1}
                    defaultCurrent={1}
                    defaultPageSize={10}
                    hideOnSinglePage={false}
                    itemRender={[Function]}
                    jumpNextIcon={
                      <a
                        className="ant-pagination-item-link"
                      >
                        <div
                          className="ant-pagination-item-container"
                        >
                          <Icon
                            className="ant-pagination-item-link-icon"
                            type="double-right"
                          />
                          <span
                            className="ant-pagination-item-ellipsis"
                          >
                            •••
                          </span>
                        </div>
                      </a>
                    }
                    jumpPrevIcon={
                      <a
                        className="ant-pagination-item-link"
                      >
                        <div
                          className="ant-pagination-item-container"
                        >
                          <Icon
                            className="ant-pagination-item-link-icon"
                            type="double-left"
                          />
                          <span
                            className="ant-pagination-item-ellipsis"
                          >
                            •••
                          </span>
                        </div>
                      </a>
                    }
                    locale={
                      Object {
                        "items_per_page": "/ page",
                        "jump_to": "Goto",
                        "jump_to_confirm": "confirm",
                        "next_3": "Next 3 Pages",
                        "next_5": "Next 5 Pages",
                        "next_page": "Next Page",
                        "page": "",
                        "prev_3": "Previous 3 Pages",
                        "prev_5": "Previous 5 Pages",
                        "prev_page": "Previous Page",
                      }
                    }
                    nextIcon={
                      <a
                        className="ant-pagination-item-link"
                      >
                        <Icon
                          type="right"
                        />
                      </a>
                    }
                    onChange={[Function]}
                    onShowSizeChange={[Function]}
                    pageSize={10}
                    position="both"
                    prefixCls="ant-pagination"
                    prevIcon={
                      <a
                        className="ant-pagination-item-link"
                      >
                        <Icon
                          type="left"
                        />
                      </a>
                    }
                    selectComponentClass={[Function]}
                    selectPrefixCls="ant-select"
                    showLessItems={false}
                    showPrevNextJumpers={true}
                    showQuickJumper={false}
                    showSizeChanger={false}
                    showTitle={true}
                    showTotal={[Function]}
                    simple={false}
                    style={Object {}}
                    total={36208}
                  >
                    <ul
                      className="ant-pagination "
                      style={Object {}}
                      unselectable="unselectable"
                    >
                      <li
                        className="ant-pagination-total-text"
                      >
                        Total 36208 items
                      </li>
                      <li
                        aria-disabled={true}
                        className="ant-pagination-disabled ant-pagination-prev"
                        onClick={[Function]}
                        onKeyPress={[Function]}
                        tabIndex={null}
                        title="Previous Page"
                      >
                        <a
                          className="ant-pagination-item-link"
                        >
                          <Icon
                            type="left"
                          >
                            <i
                              className="anticon anticon-left"
                            >
                              <IconReact
                                className=""
                                type="left-o"
                              >
                                <svg
                                  aria-hidden="true"
                                  className=""
                                  data-icon="left"
                                  fill="currentColor"
                                  height="1em"
                                  key="svg-left"
                                  viewBox="64 64 896 896"
                                  width="1em"
                                >
                                  <path
                                    d="M724 218.3V141c0-6.7-7.7-10.4-12.9-6.3L260.3 486.8a31.86 31.86 0 0 0 0 50.3l450.8 352.1c5.3 4.1 12.9.4 12.9-6.3v-77.3c0-4.9-2.3-9.6-6.1-12.6l-360-281 360-281.1c3.8-3 6.1-7.7 6.1-12.6z"
                                    key="svg-left-svg-0"
                                  />
                                </svg>
                              </IconReact>
                            </i>
                          </Icon>
                        </a>
                      </li>
                      <Pager
                        active={true}
                        itemRender={[Function]}
                        key="1"
                        locale={
                          Object {
                            "items_per_page": "/ page",
                            "jump_to": "Goto",
                            "jump_to_confirm": "confirm",
                            "next_3": "Next 3 Pages",
                            "next_5": "Next 5 Pages",
                            "next_page": "Next Page",
                            "page": "",
                            "prev_3": "Previous 3 Pages",
                            "prev_5": "Previous 5 Pages",
                            "prev_page": "Previous Page",
                          }
                        }
                        onClick={[Function]}
                        onKeyPress={[Function]}
                        page={1}
                        rootPrefixCls="ant-pagination"
                        showTitle={true}
                      >
                        <li
                          className="ant-pagination-item ant-pagination-item-1 ant-pagination-item-active"
                          onClick={[Function]}
                          onKeyPress={[Function]}
                          tabIndex="0"
                          title={1}
                        >
                          <a>
                            1
                          </a>
                        </li>
                      </Pager>
                      <Pager
                        active={false}
                        itemRender={[Function]}
                        key="2"
                        locale={
                          Object {
                            "items_per_page": "/ page",
                            "jump_to": "Goto",
                            "jump_to_confirm": "confirm",
                            "next_3": "Next 3 Pages",
                            "next_5": "Next 5 Pages",
                            "next_page": "Next Page",
                            "page": "",
                            "prev_3": "Previous 3 Pages",
                            "prev_5": "Previous 5 Pages",
                            "prev_page": "Previous Page",
                          }
                        }
                        onClick={[Function]}
                        onKeyPress={[Function]}
                        page={2}
                        rootPrefixCls="ant-pagination"
                        showTitle={true}
                      >
                        <li
                          className="ant-pagination-item ant-pagination-item-2"
                          onClick={[Function]}
                          onKeyPress={[Function]}
                          tabIndex="0"
                          title={2}
                        >
                          <a>
                            2
                          </a>
                        </li>
                      </Pager>
                      <Pager
                        active={false}
                        itemRender={[Function]}
                        key="3"
                        locale={
                          Object {
                            "items_per_page": "/ page",
                            "jump_to": "Goto",
                            "jump_to_confirm": "confirm",
                            "next_3": "Next 3 Pages",
                            "next_5": "Next 5 Pages",
                            "next_page": "Next Page",
                            "page": "",
                            "prev_3": "Previous 3 Pages",
                            "prev_5": "Previous 5 Pages",
                            "prev_page": "Previous Page",
                          }
                        }
                        onClick={[Function]}
                        onKeyPress={[Function]}
                        page={3}
                        rootPrefixCls="ant-pagination"
                        showTitle={true}
                      >
                        <li
                          className="ant-pagination-item ant-pagination-item-3"
                          onClick={[Function]}
                          onKeyPress={[Function]}
                          tabIndex="0"
                          title={3}
                        >
                          <a>
                            3
                          </a>
                        </li>
                      </Pager>
                      <Pager
                        active={false}
                        itemRender={[Function]}
                        key="4"
                        locale={
                          Object {
                            "items_per_page": "/ page",
                            "jump_to": "Goto",
                            "jump_to_confirm": "confirm",
                            "next_3": "Next 3 Pages",
                            "next_5": "Next 5 Pages",
                            "next_page": "Next Page",
                            "page": "",
                            "prev_3": "Previous 3 Pages",
                            "prev_5": "Previous 5 Pages",
                            "prev_page": "Previous Page",
                          }
                        }
                        onClick={[Function]}
                        onKeyPress={[Function]}
                        page={4}
                        rootPrefixCls="ant-pagination"
                        showTitle={true}
                      >
                        <li
                          className="ant-pagination-item ant-pagination-item-4"
                          onClick={[Function]}
                          onKeyPress={[Function]}
                          tabIndex="0"
                          title={4}
                        >
                          <a>
                            4
                          </a>
                        </li>
                      </Pager>
                      <Pager
                        active={false}
                        className="ant-pagination-item-before-jump-next"
                        itemRender={[Function]}
                        key="5"
                        locale={
                          Object {
                            "items_per_page": "/ page",
                            "jump_to": "Goto",
                            "jump_to_confirm": "confirm",
                            "next_3": "Next 3 Pages",
                            "next_5": "Next 5 Pages",
                            "next_page": "Next Page",
                            "page": "",
                            "prev_3": "Previous 3 Pages",
                            "prev_5": "Previous 5 Pages",
                            "prev_page": "Previous Page",
                          }
                        }
                        onClick={[Function]}
                        onKeyPress={[Function]}
                        page={5}
                        rootPrefixCls="ant-pagination"
                        showTitle={true}
                      >
                        <li
                          className="ant-pagination-item ant-pagination-item-5 ant-pagination-item-before-jump-next"
                          onClick={[Function]}
                          onKeyPress={[Function]}
                          tabIndex="0"
                          title={5}
                        >
                          <a>
                            5
                          </a>
                        </li>
                      </Pager>
                      <li
                        className="ant-pagination-jump-next ant-pagination-jump-next-custom-icon"
                        key="next"
                        onClick={[Function]}
                        onKeyPress={[Function]}
                        tabIndex="0"
                        title="Next 5 Pages"
                      >
                        <a
                          className="ant-pagination-item-link"
                        >
                          <div
                            className="ant-pagination-item-container"
                          >
                            <Icon
                              className="ant-pagination-item-link-icon"
                              type="double-right"
                            >
                              <i
                                className="anticon anticon-double-right ant-pagination-item-link-icon"
                              >
                                <IconReact
                                  className=""
                                  type="double-right-o"
                                >
                                  <svg
                                    aria-hidden="true"
                                    className=""
                                    data-icon="double-right"
                                    fill="currentColor"
                                    height="1em"
                                    key="svg-double-right"
                                    viewBox="64 64 896 896"
                                    width="1em"
                                  >
                                    <path
                                      d="M533.2 492.3L277.9 166.1c-3-3.9-7.7-6.1-12.6-6.1H188c-6.7 0-10.4 7.7-6.3 12.9L447.1 512 181.7 851.1A7.98 7.98 0 0 0 188 864h77.3c4.9 0 9.6-2.3 12.6-6.1l255.3-326.1c9.1-11.7 9.1-27.9 0-39.5zm304 0L581.9 166.1c-3-3.9-7.7-6.1-12.6-6.1H492c-6.7 0-10.4 7.7-6.3 12.9L751.1 512 485.7 851.1A7.98 7.98 0 0 0 492 864h77.3c4.9 0 9.6-2.3 12.6-6.1l255.3-326.1c9.1-11.7 9.1-27.9 0-39.5z"
                                      key="svg-double-right-svg-0"
                                    />
                                  </svg>
                                </IconReact>
                              </i>
                            </Icon>
                            <span
                              className="ant-pagination-item-ellipsis"
                            >
                              •••
                            </span>
                          </div>
                        </a>
                      </li>
                      <Pager
                        active={false}
                        itemRender={[Function]}
                        key="3621"
                        last={true}
                        locale={
                          Object {
                            "items_per_page": "/ page",
                            "jump_to": "Goto",
                            "jump_to_confirm": "confirm",
                            "next_3": "Next 3 Pages",
                            "next_5": "Next 5 Pages",
                            "next_page": "Next Page",
                            "page": "",
                            "prev_3": "Previous 3 Pages",
                            "prev_5": "Previous 5 Pages",
                            "prev_page": "Previous Page",
                          }
                        }
                        onClick={[Function]}
                        onKeyPress={[Function]}
                        page={3621}
                        rootPrefixCls="ant-pagination"
                        showTitle={true}
                      >
                        <li
                          className="ant-pagination-item ant-pagination-item-3621"
                          onClick={[Function]}
                          onKeyPress={[Function]}
                          tabIndex="0"
                          title={3621}
                        >
                          <a>
                            3621
                          </a>
                        </li>
                      </Pager>
                      <li
                        aria-disabled={false}
                        className=" ant-pagination-next"
                        onClick={[Function]}
                        onKeyPress={[Function]}
                        tabIndex={0}
                        title="Next Page"
                      >
                        <a
                          className="ant-pagination-item-link"
                        >
                          <Icon
                            type="right"
                          >
                            <i
                              className="anticon anticon-right"
                            >
                              <IconReact
                                className=""
                                type="right-o"
                              >
                                <svg
                                  aria-hidden="true"
                                  className=""
                                  data-icon="right"
                                  fill="currentColor"
                                  height="1em"
                                  key="svg-right"
                                  viewBox="64 64 896 896"
                                  width="1em"
                                >
                                  <path
                                    d="M765.7 486.8L314.9 134.7A7.97 7.97 0 0 0 302 141v77.3c0 4.9 2.3 9.6 6.1 12.6l360 281.1-360 281.1c-3.9 3-6.1 7.7-6.1 12.6V883c0 6.7 7.7 10.4 12.9 6.3l450.8-352.1a31.96 31.96 0 0 0 0-50.4z"
                                    key="svg-right-svg-0"
                                  />
                                </svg>
                              </IconReact>
                            </i>
                          </Icon>
                        </a>
                      </li>
                      <Options
                        changeSize={null}
                        current={1}
                        goButton={false}
                        locale={
                          Object {
                            "items_per_page": "/ page",
                            "jump_to": "Goto",
                            "jump_to_confirm": "confirm",
                            "next_3": "Next 3 Pages",
                            "next_5": "Next 5 Pages",
                            "next_page": "Next Page",
                            "page": "",
                            "prev_3": "Previous 3 Pages",
                            "prev_5": "Previous 5 Pages",
                            "prev_page": "Previous Page",
                          }
                        }
                        pageSize={10}
                        pageSizeOptions={
                          Array [
                            "10",
                            "20",
                            "30",
                            "40",
                          ]
                        }
                        quickGo={null}
                        rootPrefixCls="ant-pagination"
                        selectComponentClass={[Function]}
                        selectPrefixCls="ant-select"
                      />
                    </ul>
                  </Pagination>
                </LocaleReceiver>
              </Pagination>
            </div>
            <Spin
              prefixCls="ant-spin"
              size="default"
              spinning={false}
              wrapperClassName=""
            >
              <Animate
                animation={Object {}}
                className="ant-spin-nested-loading"
                component="div"
                componentProps={Object {}}
                onAppear={[Function]}
                onEnd={[Function]}
                onEnter={[Function]}
                onLeave={[Function]}
                style={null}
                transitionAppear={false}
                transitionEnter={true}
                transitionLeave={true}
                transitionName="fade"
              >
                <div
                  className="ant-spin-nested-loading"
                  style={null}
                >
                  <AnimateChild
                    animation={Object {}}
                    key="container"
                    transitionAppear={false}
                    transitionEnter={true}
                    transitionLeave={true}
                    transitionName="fade"
                  >
                    <div
                      className="ant-spin-container"
                      key="container"
                    >
                      <NewsItem
                        doPreviewArticle={[Function]}
                        item={
                          Object {
                            "_id": "5ba46d04068401528a2dc251",
                            "headline": Object {
                              "main": "Singapore, for Those Who Aren’t Crazy Rich",
                              "print_headline": "Singapore, if You’re Not Crazy Rich",
                            },
                            "multimedia": Array [
                              Object {
                                "subtype": "tumbnail",
                                "url": "images/2018/09/23/travel/23singapore1/merlin_142944708_9276e9dd-b36e-40f3-90f6-34e79e64552e-articleLarge.jpg",
                              },
                            ],
                            "pub_date": "2018-09-21T04:01:06+0000",
                            "snippet": "In the hit movie “Crazy Rich Asians,” the country looks luxe. But it’s easy to have a great time (and eat memorably well) without spending much.",
                            "source": "The New York Times",
                            "web_url": "https://www.nytimes.com/2018/09/21/travel/singapore-travel-budget.html",
                          }
                        }
                        key="list-item-0"
                      >
                        <ForwardRef
                          extra={
                            <img
                              alt="logo"
                              src="https://www.randjsc.com/wp-content/uploads/2015/05/NYT-logo-square-150x150.jpg"
                              width={75}
                            />
                          }
                          key="5ba46d04068401528a2dc251"
                        >
                          <StyledComponent
                            extra={
                              <img
                                alt="logo"
                                src="https://www.randjsc.com/wp-content/uploads/2015/05/NYT-logo-square-150x150.jpg"
                                width={75}
                              />
                            }
                            forwardedClass={
                              Object {
                                "$$typeof": Symbol(react.forward_ref),
                                "Meta": [Function],
                                "attrs": undefined,
                                "componentStyle": ComponentStyle {
                                  "componentId": "styled__Item-npycut-0",
                                  "isStatic": true,
                                  "lastClassName": "bCWxja",
                                  "rules": Array [
                                    "display:block;",
                                  ],
                                },
                                "displayName": "styled__Item",
                                "render": [Function],
                                "styledComponentId": "styled__Item-npycut-0",
                                "target": [Function],
                                "warnTooManyClasses": [Function],
                                "withComponent": [Function],
                                Symbol(Symbol.hasInstance): [Function],
                              }
                            }
                            forwardedRef={null}
                          >
                            <Item
                              className="styled__Item-npycut-0 bCWxja"
                              extra={
                                <img
                                  alt="logo"
                                  src="https://www.randjsc.com/wp-content/uploads/2015/05/NYT-logo-square-150x150.jpg"
                                  width={75}
                                />
                              }
                            >
                              <div
                                className="ant-list-item styled__Item-npycut-0 bCWxja"
                              >
                                <div
                                  className="ant-list-item-extra-wrap"
                                >
                                  <div
                                    className="ant-list-item-main"
                                  >
                                    <div
                                      className="ant-list-item-content ant-list-item-content-single"
                                    >
                                      <ForwardRef>
                                        <StyledComponent
                                          forwardedClass={
                                            Object {
                                              "$$typeof": Symbol(react.forward_ref),
                                              "attrs": undefined,
                                              "componentStyle": ComponentStyle {
                                                "componentId": "styled__Source-npycut-4",
                                                "isStatic": true,
                                                "lastClassName": "edhqYd",
                                                "rules": Array [
                                                  "font-family:'Libre Franklin',sans-serif;text-transform:uppercase;font-size:10px;font-weight:700;color:rgb(18,18,18);display:block;",
                                                ],
                                              },
                                              "displayName": "styled__Source",
                                              "render": [Function],
                                              "styledComponentId": "styled__Source-npycut-4",
                                              "target": "p",
                                              "warnTooManyClasses": [Function],
                                              "withComponent": [Function],
                                            }
                                          }
                                          forwardedRef={null}
                                        >
                                          <p
                                            className="styled__Source-npycut-4 edhqYd"
                                          >
                                            The New York Times
                                          </p>
                                        </StyledComponent>
                                      </ForwardRef>
                                      <ForwardRef
                                        avatar={
                                          <ForwardRef
                                            src="https://www.randjsc.com/wp-content/uploads/2015/05/NYT-logo-square-150x150.jpg"
                                          />
                                        }
                                        description="In the hit movie “Crazy Rich Asians,” the country looks luxe. But it’s easy to have a great time (and eat memorably well) without spending much."
                                        title={
                                          <ForwardRef
                                            href="https://www.nytimes.com/2018/09/21/travel/singapore-travel-budget.html"
                                            onClick={[Function]}
                                          >
                                            Singapore, for Those Who Aren’t Crazy Rich
                                          </ForwardRef>
                                        }
                                      >
                                        <StyledComponent
                                          avatar={
                                            <ForwardRef
                                              src="https://www.randjsc.com/wp-content/uploads/2015/05/NYT-logo-square-150x150.jpg"
                                            />
                                          }
                                          description="In the hit movie “Crazy Rich Asians,” the country looks luxe. But it’s easy to have a great time (and eat memorably well) without spending much."
                                          forwardedClass={
                                            Object {
                                              "$$typeof": Symbol(react.forward_ref),
                                              "attrs": undefined,
                                              "componentStyle": ComponentStyle {
                                                "componentId": "styled__Meta-npycut-2",
                                                "isStatic": true,
                                                "lastClassName": "eNibxo",
                                                "rules": Array [
                                                  "display:block;",
                                                ],
                                              },
                                              "displayName": "styled__Meta",
                                              "render": [Function],
                                              "styledComponentId": "styled__Meta-npycut-2",
                                              "target": [Function],
                                              "warnTooManyClasses": [Function],
                                              "withComponent": [Function],
                                              Symbol(Symbol.hasInstance): [Function],
                                            }
                                          }
                                          forwardedRef={null}
                                          title={
                                            <ForwardRef
                                              href="https://www.nytimes.com/2018/09/21/travel/singapore-travel-budget.html"
                                              onClick={[Function]}
                                            >
                                              Singapore, for Those Who Aren’t Crazy Rich
                                            </ForwardRef>
                                          }
                                        >
                                          <Meta
                                            avatar={
                                              <ForwardRef
                                                src="https://www.randjsc.com/wp-content/uploads/2015/05/NYT-logo-square-150x150.jpg"
                                              />
                                            }
                                            className="styled__Meta-npycut-2 eNibxo"
                                            description="In the hit movie “Crazy Rich Asians,” the country looks luxe. But it’s easy to have a great time (and eat memorably well) without spending much."
                                            title={
                                              <ForwardRef
                                                href="https://www.nytimes.com/2018/09/21/travel/singapore-travel-budget.html"
                                                onClick={[Function]}
                                              >
                                                Singapore, for Those Who Aren’t Crazy Rich
                                              </ForwardRef>
                                            }
                                          >
                                            <div
                                              className="ant-list-item-meta styled__Meta-npycut-2 eNibxo"
                                            >
                                              <div
                                                className="ant-list-item-meta-avatar"
                                              >
                                                <ForwardRef
                                                  src="https://www.randjsc.com/wp-content/uploads/2015/05/NYT-logo-square-150x150.jpg"
                                                >
                                                  <StyledComponent
                                                    forwardedClass={
                                                      Object {
                                                        "$$typeof": Symbol(react.forward_ref),
                                                        "attrs": undefined,
                                                        "componentStyle": ComponentStyle {
                                                          "componentId": "styled__Avatar-npycut-1",
                                                          "isStatic": true,
                                                          "lastClassName": "LuRFV",
                                                          "rules": Array [
                                                            "display:block;",
                                                          ],
                                                        },
                                                        "displayName": "styled__Avatar",
                                                        "render": [Function],
                                                        "styledComponentId": "styled__Avatar-npycut-1",
                                                        "target": [Function],
                                                        "warnTooManyClasses": [Function],
                                                        "withComponent": [Function],
                                                        Symbol(Symbol.hasInstance): [Function],
                                                      }
                                                    }
                                                    forwardedRef={null}
                                                    src="https://www.randjsc.com/wp-content/uploads/2015/05/NYT-logo-square-150x150.jpg"
                                                  >
                                                    <Avatar
                                                      className="styled__Avatar-npycut-1 LuRFV"
                                                      prefixCls="ant-avatar"
                                                      shape="circle"
                                                      size="default"
                                                      src="https://www.randjsc.com/wp-content/uploads/2015/05/NYT-logo-square-150x150.jpg"
                                                    >
                                                      <span
                                                        className="ant-avatar styled__Avatar-npycut-1 LuRFV ant-avatar-circle ant-avatar-image"
                                                        style={Object {}}
                                                      >
                                                        <img
                                                          onError={[Function]}
                                                          src="https://www.randjsc.com/wp-content/uploads/2015/05/NYT-logo-square-150x150.jpg"
                                                        />
                                                      </span>
                                                    </Avatar>
                                                  </StyledComponent>
                                                </ForwardRef>
                                              </div>
                                              <div
                                                className="ant-list-item-meta-content"
                                              >
                                                <h4
                                                  className="ant-list-item-meta-title"
                                                >
                                                  <ForwardRef
                                                    href="https://www.nytimes.com/2018/09/21/travel/singapore-travel-budget.html"
                                                    onClick={[Function]}
                                                  >
                                                    <StyledComponent
                                                      forwardedClass={
                                                        Object {
                                                          "$$typeof": Symbol(react.forward_ref),
                                                          "attrs": undefined,
                                                          "componentStyle": ComponentStyle {
                                                            "componentId": "styled__Title-npycut-5",
                                                            "isStatic": true,
                                                            "lastClassName": "gHRcuT",
                                                            "rules": Array [
                                                              "font-family:'Noto Serif KR',sans-serif;font-size:16px;font-weight:bold;",
                                                            ],
                                                          },
                                                          "displayName": "styled__Title",
                                                          "render": [Function],
                                                          "styledComponentId": "styled__Title-npycut-5",
                                                          "target": "a",
                                                          "warnTooManyClasses": [Function],
                                                          "withComponent": [Function],
                                                        }
                                                      }
                                                      forwardedRef={null}
                                                      href="https://www.nytimes.com/2018/09/21/travel/singapore-travel-budget.html"
                                                      onClick={[Function]}
                                                    >
                                                      <a
                                                        className="styled__Title-npycut-5 gHRcuT"
                                                        href="https://www.nytimes.com/2018/09/21/travel/singapore-travel-budget.html"
                                                        onClick={[Function]}
                                                      >
                                                        Singapore, for Those Who Aren’t Crazy Rich
                                                      </a>
                                                    </StyledComponent>
                                                  </ForwardRef>
                                                </h4>
                                                <div
                                                  className="ant-list-item-meta-description"
                                                >
                                                  In the hit movie “Crazy Rich Asians,” the country looks luxe. But it’s easy to have a great time (and eat memorably well) without spending much.
                                                </div>
                                              </div>
                                            </div>
                                          </Meta>
                                        </StyledComponent>
                                      </ForwardRef>
                                      <ForwardRef>
                                        <StyledComponent
                                          forwardedClass={
                                            Object {
                                              "$$typeof": Symbol(react.forward_ref),
                                              "attrs": undefined,
                                              "componentStyle": ComponentStyle {
                                                "componentId": "styled__Date-npycut-3",
                                                "isStatic": true,
                                                "lastClassName": "hajHJw",
                                                "rules": Array [
                                                  "font-family:'Helvetica',sans-serif;color:#ccc;font-weight:100;font-size:12px;",
                                                ],
                                              },
                                              "displayName": "styled__Date",
                                              "render": [Function],
                                              "styledComponentId": "styled__Date-npycut-3",
                                              "target": "time",
                                              "warnTooManyClasses": [Function],
                                              "withComponent": [Function],
                                            }
                                          }
                                          forwardedRef={null}
                                        >
                                          <time
                                            className="styled__Date-npycut-3 hajHJw"
                                          >
                                            7 days ago
                                          </time>
                                        </StyledComponent>
                                      </ForwardRef>
                                    </div>
                                  </div>
                                  <div
                                    className="ant-list-item-extra"
                                  >
                                    <img
                                      alt="logo"
                                      src="https://www.randjsc.com/wp-content/uploads/2015/05/NYT-logo-square-150x150.jpg"
                                      width={75}
                                    />
                                  </div>
                                </div>
                              </div>
                            </Item>
                          </StyledComponent>
                        </ForwardRef>
                      </NewsItem>
                    </div>
                  </AnimateChild>
                </div>
              </Animate>
            </Spin>
            <div
              className="ant-list-pagination"
            >
              <Pagination
                current={1}
                defaultCurrent={1}
                onChange={[Function]}
                pageSize={10}
                position="both"
                prefixCls="ant-pagination"
                selectPrefixCls="ant-select"
                showTotal={[Function]}
                simple={false}
                total={36208}
              >
                <LocaleReceiver
                  componentName="Pagination"
                  defaultLocale={
                    Object {
                      "items_per_page": "/ page",
                      "jump_to": "Goto",
                      "jump_to_confirm": "confirm",
                      "next_3": "Next 3 Pages",
                      "next_5": "Next 5 Pages",
                      "next_page": "Next Page",
                      "page": "",
                      "prev_3": "Previous 3 Pages",
                      "prev_5": "Previous 5 Pages",
                      "prev_page": "Previous Page",
                    }
                  }
                >
                  <Pagination
                    className=""
                    current={1}
                    defaultCurrent={1}
                    defaultPageSize={10}
                    hideOnSinglePage={false}
                    itemRender={[Function]}
                    jumpNextIcon={
                      <a
                        className="ant-pagination-item-link"
                      >
                        <div
                          className="ant-pagination-item-container"
                        >
                          <Icon
                            className="ant-pagination-item-link-icon"
                            type="double-right"
                          />
                          <span
                            className="ant-pagination-item-ellipsis"
                          >
                            •••
                          </span>
                        </div>
                      </a>
                    }
                    jumpPrevIcon={
                      <a
                        className="ant-pagination-item-link"
                      >
                        <div
                          className="ant-pagination-item-container"
                        >
                          <Icon
                            className="ant-pagination-item-link-icon"
                            type="double-left"
                          />
                          <span
                            className="ant-pagination-item-ellipsis"
                          >
                            •••
                          </span>
                        </div>
                      </a>
                    }
                    locale={
                      Object {
                        "items_per_page": "/ page",
                        "jump_to": "Goto",
                        "jump_to_confirm": "confirm",
                        "next_3": "Next 3 Pages",
                        "next_5": "Next 5 Pages",
                        "next_page": "Next Page",
                        "page": "",
                        "prev_3": "Previous 3 Pages",
                        "prev_5": "Previous 5 Pages",
                        "prev_page": "Previous Page",
                      }
                    }
                    nextIcon={
                      <a
                        className="ant-pagination-item-link"
                      >
                        <Icon
                          type="right"
                        />
                      </a>
                    }
                    onChange={[Function]}
                    onShowSizeChange={[Function]}
                    pageSize={10}
                    position="both"
                    prefixCls="ant-pagination"
                    prevIcon={
                      <a
                        className="ant-pagination-item-link"
                      >
                        <Icon
                          type="left"
                        />
                      </a>
                    }
                    selectComponentClass={[Function]}
                    selectPrefixCls="ant-select"
                    showLessItems={false}
                    showPrevNextJumpers={true}
                    showQuickJumper={false}
                    showSizeChanger={false}
                    showTitle={true}
                    showTotal={[Function]}
                    simple={false}
                    style={Object {}}
                    total={36208}
                  >
                    <ul
                      className="ant-pagination "
                      style={Object {}}
                      unselectable="unselectable"
                    >
                      <li
                        className="ant-pagination-total-text"
                      >
                        Total 36208 items
                      </li>
                      <li
                        aria-disabled={true}
                        className="ant-pagination-disabled ant-pagination-prev"
                        onClick={[Function]}
                        onKeyPress={[Function]}
                        tabIndex={null}
                        title="Previous Page"
                      >
                        <a
                          className="ant-pagination-item-link"
                        >
                          <Icon
                            type="left"
                          >
                            <i
                              className="anticon anticon-left"
                            >
                              <IconReact
                                className=""
                                type="left-o"
                              >
                                <svg
                                  aria-hidden="true"
                                  className=""
                                  data-icon="left"
                                  fill="currentColor"
                                  height="1em"
                                  key="svg-left"
                                  viewBox="64 64 896 896"
                                  width="1em"
                                >
                                  <path
                                    d="M724 218.3V141c0-6.7-7.7-10.4-12.9-6.3L260.3 486.8a31.86 31.86 0 0 0 0 50.3l450.8 352.1c5.3 4.1 12.9.4 12.9-6.3v-77.3c0-4.9-2.3-9.6-6.1-12.6l-360-281 360-281.1c3.8-3 6.1-7.7 6.1-12.6z"
                                    key="svg-left-svg-0"
                                  />
                                </svg>
                              </IconReact>
                            </i>
                          </Icon>
                        </a>
                      </li>
                      <Pager
                        active={true}
                        itemRender={[Function]}
                        key="1"
                        locale={
                          Object {
                            "items_per_page": "/ page",
                            "jump_to": "Goto",
                            "jump_to_confirm": "confirm",
                            "next_3": "Next 3 Pages",
                            "next_5": "Next 5 Pages",
                            "next_page": "Next Page",
                            "page": "",
                            "prev_3": "Previous 3 Pages",
                            "prev_5": "Previous 5 Pages",
                            "prev_page": "Previous Page",
                          }
                        }
                        onClick={[Function]}
                        onKeyPress={[Function]}
                        page={1}
                        rootPrefixCls="ant-pagination"
                        showTitle={true}
                      >
                        <li
                          className="ant-pagination-item ant-pagination-item-1 ant-pagination-item-active"
                          onClick={[Function]}
                          onKeyPress={[Function]}
                          tabIndex="0"
                          title={1}
                        >
                          <a>
                            1
                          </a>
                        </li>
                      </Pager>
                      <Pager
                        active={false}
                        itemRender={[Function]}
                        key="2"
                        locale={
                          Object {
                            "items_per_page": "/ page",
                            "jump_to": "Goto",
                            "jump_to_confirm": "confirm",
                            "next_3": "Next 3 Pages",
                            "next_5": "Next 5 Pages",
                            "next_page": "Next Page",
                            "page": "",
                            "prev_3": "Previous 3 Pages",
                            "prev_5": "Previous 5 Pages",
                            "prev_page": "Previous Page",
                          }
                        }
                        onClick={[Function]}
                        onKeyPress={[Function]}
                        page={2}
                        rootPrefixCls="ant-pagination"
                        showTitle={true}
                      >
                        <li
                          className="ant-pagination-item ant-pagination-item-2"
                          onClick={[Function]}
                          onKeyPress={[Function]}
                          tabIndex="0"
                          title={2}
                        >
                          <a>
                            2
                          </a>
                        </li>
                      </Pager>
                      <Pager
                        active={false}
                        itemRender={[Function]}
                        key="3"
                        locale={
                          Object {
                            "items_per_page": "/ page",
                            "jump_to": "Goto",
                            "jump_to_confirm": "confirm",
                            "next_3": "Next 3 Pages",
                            "next_5": "Next 5 Pages",
                            "next_page": "Next Page",
                            "page": "",
                            "prev_3": "Previous 3 Pages",
                            "prev_5": "Previous 5 Pages",
                            "prev_page": "Previous Page",
                          }
                        }
                        onClick={[Function]}
                        onKeyPress={[Function]}
                        page={3}
                        rootPrefixCls="ant-pagination"
                        showTitle={true}
                      >
                        <li
                          className="ant-pagination-item ant-pagination-item-3"
                          onClick={[Function]}
                          onKeyPress={[Function]}
                          tabIndex="0"
                          title={3}
                        >
                          <a>
                            3
                          </a>
                        </li>
                      </Pager>
                      <Pager
                        active={false}
                        itemRender={[Function]}
                        key="4"
                        locale={
                          Object {
                            "items_per_page": "/ page",
                            "jump_to": "Goto",
                            "jump_to_confirm": "confirm",
                            "next_3": "Next 3 Pages",
                            "next_5": "Next 5 Pages",
                            "next_page": "Next Page",
                            "page": "",
                            "prev_3": "Previous 3 Pages",
                            "prev_5": "Previous 5 Pages",
                            "prev_page": "Previous Page",
                          }
                        }
                        onClick={[Function]}
                        onKeyPress={[Function]}
                        page={4}
                        rootPrefixCls="ant-pagination"
                        showTitle={true}
                      >
                        <li
                          className="ant-pagination-item ant-pagination-item-4"
                          onClick={[Function]}
                          onKeyPress={[Function]}
                          tabIndex="0"
                          title={4}
                        >
                          <a>
                            4
                          </a>
                        </li>
                      </Pager>
                      <Pager
                        active={false}
                        className="ant-pagination-item-before-jump-next"
                        itemRender={[Function]}
                        key="5"
                        locale={
                          Object {
                            "items_per_page": "/ page",
                            "jump_to": "Goto",
                            "jump_to_confirm": "confirm",
                            "next_3": "Next 3 Pages",
                            "next_5": "Next 5 Pages",
                            "next_page": "Next Page",
                            "page": "",
                            "prev_3": "Previous 3 Pages",
                            "prev_5": "Previous 5 Pages",
                            "prev_page": "Previous Page",
                          }
                        }
                        onClick={[Function]}
                        onKeyPress={[Function]}
                        page={5}
                        rootPrefixCls="ant-pagination"
                        showTitle={true}
                      >
                        <li
                          className="ant-pagination-item ant-pagination-item-5 ant-pagination-item-before-jump-next"
                          onClick={[Function]}
                          onKeyPress={[Function]}
                          tabIndex="0"
                          title={5}
                        >
                          <a>
                            5
                          </a>
                        </li>
                      </Pager>
                      <li
                        className="ant-pagination-jump-next ant-pagination-jump-next-custom-icon"
                        key="next"
                        onClick={[Function]}
                        onKeyPress={[Function]}
                        tabIndex="0"
                        title="Next 5 Pages"
                      >
                        <a
                          className="ant-pagination-item-link"
                        >
                          <div
                            className="ant-pagination-item-container"
                          >
                            <Icon
                              className="ant-pagination-item-link-icon"
                              type="double-right"
                            >
                              <i
                                className="anticon anticon-double-right ant-pagination-item-link-icon"
                              >
                                <IconReact
                                  className=""
                                  type="double-right-o"
                                >
                                  <svg
                                    aria-hidden="true"
                                    className=""
                                    data-icon="double-right"
                                    fill="currentColor"
                                    height="1em"
                                    key="svg-double-right"
                                    viewBox="64 64 896 896"
                                    width="1em"
                                  >
                                    <path
                                      d="M533.2 492.3L277.9 166.1c-3-3.9-7.7-6.1-12.6-6.1H188c-6.7 0-10.4 7.7-6.3 12.9L447.1 512 181.7 851.1A7.98 7.98 0 0 0 188 864h77.3c4.9 0 9.6-2.3 12.6-6.1l255.3-326.1c9.1-11.7 9.1-27.9 0-39.5zm304 0L581.9 166.1c-3-3.9-7.7-6.1-12.6-6.1H492c-6.7 0-10.4 7.7-6.3 12.9L751.1 512 485.7 851.1A7.98 7.98 0 0 0 492 864h77.3c4.9 0 9.6-2.3 12.6-6.1l255.3-326.1c9.1-11.7 9.1-27.9 0-39.5z"
                                      key="svg-double-right-svg-0"
                                    />
                                  </svg>
                                </IconReact>
                              </i>
                            </Icon>
                            <span
                              className="ant-pagination-item-ellipsis"
                            >
                              •••
                            </span>
                          </div>
                        </a>
                      </li>
                      <Pager
                        active={false}
                        itemRender={[Function]}
                        key="3621"
                        last={true}
                        locale={
                          Object {
                            "items_per_page": "/ page",
                            "jump_to": "Goto",
                            "jump_to_confirm": "confirm",
                            "next_3": "Next 3 Pages",
                            "next_5": "Next 5 Pages",
                            "next_page": "Next Page",
                            "page": "",
                            "prev_3": "Previous 3 Pages",
                            "prev_5": "Previous 5 Pages",
                            "prev_page": "Previous Page",
                          }
                        }
                        onClick={[Function]}
                        onKeyPress={[Function]}
                        page={3621}
                        rootPrefixCls="ant-pagination"
                        showTitle={true}
                      >
                        <li
                          className="ant-pagination-item ant-pagination-item-3621"
                          onClick={[Function]}
                          onKeyPress={[Function]}
                          tabIndex="0"
                          title={3621}
                        >
                          <a>
                            3621
                          </a>
                        </li>
                      </Pager>
                      <li
                        aria-disabled={false}
                        className=" ant-pagination-next"
                        onClick={[Function]}
                        onKeyPress={[Function]}
                        tabIndex={0}
                        title="Next Page"
                      >
                        <a
                          className="ant-pagination-item-link"
                        >
                          <Icon
                            type="right"
                          >
                            <i
                              className="anticon anticon-right"
                            >
                              <IconReact
                                className=""
                                type="right-o"
                              >
                                <svg
                                  aria-hidden="true"
                                  className=""
                                  data-icon="right"
                                  fill="currentColor"
                                  height="1em"
                                  key="svg-right"
                                  viewBox="64 64 896 896"
                                  width="1em"
                                >
                                  <path
                                    d="M765.7 486.8L314.9 134.7A7.97 7.97 0 0 0 302 141v77.3c0 4.9 2.3 9.6 6.1 12.6l360 281.1-360 281.1c-3.9 3-6.1 7.7-6.1 12.6V883c0 6.7 7.7 10.4 12.9 6.3l450.8-352.1a31.96 31.96 0 0 0 0-50.4z"
                                    key="svg-right-svg-0"
                                  />
                                </svg>
                              </IconReact>
                            </i>
                          </Icon>
                        </a>
                      </li>
                      <Options
                        changeSize={null}
                        current={1}
                        goButton={false}
                        locale={
                          Object {
                            "items_per_page": "/ page",
                            "jump_to": "Goto",
                            "jump_to_confirm": "confirm",
                            "next_3": "Next 3 Pages",
                            "next_5": "Next 5 Pages",
                            "next_page": "Next Page",
                            "page": "",
                            "prev_3": "Previous 3 Pages",
                            "prev_5": "Previous 5 Pages",
                            "prev_page": "Previous Page",
                          }
                        }
                        pageSize={10}
                        pageSizeOptions={
                          Array [
                            "10",
                            "20",
                            "30",
                            "40",
                          ]
                        }
                        quickGo={null}
                        rootPrefixCls="ant-pagination"
                        selectComponentClass={[Function]}
                        selectPrefixCls="ant-select"
                      />
                    </ul>
                  </Pagination>
                </LocaleReceiver>
              </Pagination>
            </div>
          </div>
        </List>
      </StyledComponent>
    </ForwardRef>
  </NewsList>
</e>
`;
