// Jest Snapshot v1, https://goo.gl/fbAQLP

exports[`SearchField renders without crashing 1`] = `
<e>
  <SearchField
    doFetchNews={[Function]}
    doUpdateUrl={[Function]}
  >
    <ForwardRef>
      <StyledComponent
        forwardedClass={
          Object {
            "$$typeof": Symbol(react.forward_ref),
            "attrs": undefined,
            "componentStyle": ComponentStyle {
              "componentId": "styled__Wrapper-savcg9-1",
              "isStatic": true,
              "lastClassName": "fOwOmZ",
              "rules": Array [
                "margin:0 auto;width:50%;@media (max-width:600px){width:100%;}",
              ],
            },
            "displayName": "styled__Wrapper",
            "render": [Function],
            "styledComponentId": "styled__Wrapper-savcg9-1",
            "target": "div",
            "warnTooManyClasses": [Function],
            "withComponent": [Function],
          }
        }
        forwardedRef={null}
      >
        <div
          className="styled__Wrapper-savcg9-1 fOwOmZ"
        >
          <ForwardRef
            enterButton="Search"
            onSearch={[Function]}
            placeholder="input search text"
            size="large"
          >
            <StyledComponent
              enterButton="Search"
              forwardedClass={
                Object {
                  "$$typeof": Symbol(react.forward_ref),
                  "attrs": undefined,
                  "componentStyle": ComponentStyle {
                    "componentId": "styled__Search-savcg9-0",
                    "isStatic": true,
                    "lastClassName": "dxWaXi",
                    "rules": Array [
                      "display:block;",
                    ],
                  },
                  "displayName": "styled__Search",
                  "render": [Function],
                  "styledComponentId": "styled__Search-savcg9-0",
                  "target": [Function],
                  "warnTooManyClasses": [Function],
                  "withComponent": [Function],
                  Symbol(Symbol.hasInstance): [Function],
                }
              }
              forwardedRef={null}
              onSearch={[Function]}
              placeholder="input search text"
              size="large"
            >
              <Search
                className="styled__Search-savcg9-0 dxWaXi"
                enterButton="Search"
                inputPrefixCls="ant-input"
                onSearch={[Function]}
                placeholder="input search text"
                prefixCls="ant-input-search"
                size="large"
              >
                <Input
                  className="ant-input-search styled__Search-savcg9-0 dxWaXi ant-input-search-enter-button ant-input-search-large"
                  disabled={false}
                  onPressEnter={[Function]}
                  placeholder="input search text"
                  prefixCls="ant-input"
                  size="large"
                  suffix={
                    <Button
                      block={false}
                      className="ant-input-search-button"
                      ghost={false}
                      loading={false}
                      onClick={[Function]}
                      prefixCls="ant-btn"
                      size="large"
                      type="primary"
                    >
                      Search
                    </Button>
                  }
                  type="text"
                >
                  <span
                    className="ant-input-search styled__Search-savcg9-0 dxWaXi ant-input-search-enter-button ant-input-search-large ant-input-affix-wrapper ant-input-affix-wrapper-lg"
                  >
                    <input
                      className="ant-input ant-input-lg"
                      disabled={false}
                      onKeyDown={[Function]}
                      placeholder="input search text"
                      size="large"
                      style={null}
                      type="text"
                    />
                    <span
                      className="ant-input-suffix"
                    >
                      <Button
                        block={false}
                        className="ant-input-search-button"
                        ghost={false}
                        key="enterButton"
                        loading={false}
                        onClick={[Function]}
                        prefixCls="ant-btn"
                        size="large"
                        type="primary"
                      >
                        <Wave>
                          <button
                            className="ant-btn ant-input-search-button ant-btn-primary ant-btn-lg"
                            onClick={[Function]}
                            type="button"
                          >
                            <span
                              key=".0"
                            >
                              Search
                            </span>
                          </button>
                        </Wave>
                      </Button>
                    </span>
                  </span>
                </Input>
              </Search>
            </StyledComponent>
          </ForwardRef>
        </div>
      </StyledComponent>
    </ForwardRef>
  </SearchField>
</e>
`;
