// Jest Snapshot v1, https://goo.gl/fbAQLP

exports[`SearchField renders without crashing 1`] = `
.c1 {
  display: block;
}

.c0 {
  margin: 0 auto;
  width: 50%;
}

@media (max-width:600px) {
  .c0 {
    width: 100%;
  }
}

<div
  className="c0"
>
  <span
    className="ant-input-search c1 ant-input-search-enter-button ant-input-search-large ant-input-affix-wrapper ant-input-affix-wrapper-lg"
  >
    <input
      className="ant-input ant-input-lg"
      disabled={false}
      onKeyDown={[Function]}
      placeholder="input search text"
      size="large"
      style={null}
      type="text"
    />
    <span
      className="ant-input-suffix"
    >
      <button
        className="ant-btn ant-input-search-button ant-btn-primary ant-btn-lg"
        onClick={[Function]}
        type="button"
      >
        <span>
          Search
        </span>
      </button>
    </span>
  </span>
</div>
`;
